d:\git\opensystem\opensystem\x64\debug\vc143.pdb
d:\git\opensystem\opensystem\x64\debug\vc143.idb
d:\git\opensystem\opensystem\x64\debug\opensystem.obj
d:\git\opensystem\opensystem\x64\debug\main.obj
d:\git\opensystem\x64\debug\opensystem.exe
d:\git\opensystem\x64\debug\opensystem.pdb
d:\git\opensystem\opensystem\x64\debug\opensystem.ilk
d:\git\mathquestions\opensystem\opensystem\x64\debug\main.obj
d:\git\mathquestions\opensystem\opensystem\x64\debug\opensystem.obj
d:\git\mathquestions\opensystem\opensystem\x64\debug\opensystem.ilk
d:\git\mathquestions\opensystem\opensystem\x64\debug\vc143.idb
d:\git\mathquestions\opensystem\opensystem\x64\debug\vc143.pdb
d:\git\mathquestions\opensystem\x64\debug\opensystem.pdb
d:\git\mathquestions\opensystem\x64\debug\opensystem.exe
d:\git\mathquestions\opensystem\opensystem\x64\debug\opensystem.tlog\cl.command.1.tlog
d:\git\mathquestions\opensystem\opensystem\x64\debug\opensystem.tlog\cl.items.tlog
d:\git\mathquestions\opensystem\opensystem\x64\debug\opensystem.tlog\cl.read.1.tlog
d:\git\mathquestions\opensystem\opensystem\x64\debug\opensystem.tlog\cl.write.1.tlog
d:\git\mathquestions\opensystem\opensystem\x64\debug\opensystem.tlog\link.command.1.tlog
d:\git\mathquestions\opensystem\opensystem\x64\debug\opensystem.tlog\link.read.1.tlog
d:\git\mathquestions\opensystem\opensystem\x64\debug\opensystem.tlog\link.secondary.1.tlog
d:\git\mathquestions\opensystem\opensystem\x64\debug\opensystem.tlog\link.write.1.tlog
